******************************************************************************
                  TI ARM Linker PC v5.0.4                      
******************************************************************************
>> Linked Wed Sep 11 16:21:00 2013

OUTPUT FILE NAME:   <usb_dev_mame.out>
ENTRY POINT SYMBOL: "_c_int00"  address: 00002931


MEMORY CONFIGURATION

         name            origin    length      used     unused   attr    fill
----------------------  --------  ---------  --------  --------  ----  --------
  FLASH                 00000000   00040000  00003a09  0003c5f7  R  X
  SRAM                  20000000   00008000  0000099f  00007661  RW X


SEGMENT ALLOCATION MAP

run origin  load origin   length   init length attrs members
----------  ----------- ---------- ----------- ----- -------
00000000    00000000    00003a10   00003a10    r-x
  00000000    00000000    0000026c   0000026c    r-- .intvecs
  0000026c    0000026c    000033e6   000033e6    r-x .text
  00003654    00003654    0000030f   0000030f    r-- .const
  00003968    00003968    000000a8   000000a8    r-- .cinit
20000000    20000000    00000878   00000000    rw-
  20000000    20000000    00000678   00000000    rw- .bss
  20000678    20000678    00000200   00000000    rw- .stack
20000878    20000878    00000127   00000127    rw-
  20000878    20000878    00000127   00000127    rw- .data


SECTION ALLOCATION MAP

 output                                  attributes/
section   page    origin      length       input sections
--------  ----  ----------  ----------   ----------------
.intvecs   0    00000000    0000026c     
                  00000000    0000026c     startup_ccs.obj (.intvecs)

.init_array 
*          0    00000000    00000000     UNINITIALIZED

.text      0    0000026c    000033e6     
                  0000026c    000003a0     Mame_pins.obj (.text:PortFunctionInit)
                  0000060c    000002e8     usb_dev_mame.obj (.text:CustomHidChangeHandler)
                  000008f4    000001c4     usb_dev_mame.obj (.text:main)
                  00000ab8    00000164     uartstdio.obj (.text:UARTStdioIntHandler)
                  00000c1c    00000160     usblib.lib : usbdenum.obj (.text:USBDEP0StateTxConfig)
                  00000d7c    00000140                : usbdconfig.obj (.text:USBDeviceConfig)
                  00000ebc    0000010e                : usbdhid.obj (.text:HandleRequest)
                  00000fca    00000002     startup_ccs.obj (.text:FaultISR)
                  00000fcc    000000e0     usblib.lib : usbdhid.obj (.text:USBDHIDCompositeInit)
                  000010ac    000000e0                : usbdenum.obj (.text:USBDeviceEnumHandler)
                  0000118c    000000dc                : usbdenum.obj (.text:USBDGetDescriptor)
                  00001268    000000d8                : usbdenum.obj (.text:USBDCDInit)
                  00001340    000000d8                : usbdenum.obj (.text:USBDeviceIntHandlerInternal)
                  00001418    000000c8                : usbdma.obj (.text:USBLibDMAInit)
                  000014e0    000000c0                : usbdma.obj (.text:uDMAUSBChannelAllocate)
                  000015a0    000000ba                : usbdma.obj (.text:uDMAUSBTransfer)
                  0000165a    000000b8     driverlib.lib : gpio.obj (.text:GPIOPadConfigSet)
                  00001712    00000002     startup_ccs.obj (.text:IntDefaultHandler)
                  00001714    000000a4     uartstdio.obj (.text:UARTwrite)
                  000017b8    0000009c     usb_dev_mame.obj (.text:SysTickIntHandler)
                  00001854    0000009c     rtsv7M4_T_le_v4SPD16_eabi.lib : memcpy_t2.obj (.text)
                  000018f0    00000098     usblib.lib : usbdenum.obj (.text:USBDSetInterface)
                  00001988    00000094     uartstdio.obj (.text:UARTPrimeTransmit)
                  00001a1c    00000094     rtsv7M4_T_le_v4SPD16_eabi.lib : auto_init.obj (.text)
                  00001ab0    0000008c     usblib.lib : usbdhid.obj (.text:ProcessIdleTimers)
                  00001b3c    0000008c                : usbdenum.obj (.text:USBDSetConfiguration)
                  00001bc8    0000008c                : usbdconfig.obj (.text:USBDeviceConfigAlternate)
                  00001c54    00000080                : usbdhidmame.obj (.text:USBDHIDCustomHidCompositeInit)
                  00001cd4    00000080     driverlib.lib : udma.obj (.text:uDMAChannelTransferSet)
                  00001d54    00000078     usblib.lib : usbdenum.obj (.text:USBDClearFeature)
                  00001dcc    00000072     driverlib.lib : usb.obj (.text:USBDevEndpointConfigSet)
                  00001e3e    00000072     usblib.lib : usbdma.obj (.text:uDMAUSBArbSizeSet)
                  00001eb0    00000070                : usbdenum.obj (.text:USBDEP0StateTx)
                  00001f20    00000070                : usbdenum.obj (.text:USBDGetStatus)
                  00001f90    00000070                : usbdma.obj (.text:uDMAUSBUnitSizeSet)
                  00002000    00000064                : usbdhidmame.obj (.text:HIDCustomHidRxHandler)
                  00002064    00000064     driverlib.lib : interrupt.obj (.text:IntIsEnabled)
                  000020c8    00000064     usblib.lib : usbdhidmame.obj (.text:USBDHIDCustomHidStateChange)
                  0000212c    00000064                : usbdenum.obj (.text:USBDSetFeature)
                  00002190    00000064                : usbdma.obj (.text:uDMAUSBChannelEnable)
                  000021f4    00000060                : usbdhid.obj (.text:HandleGetDescriptor)
                  00002254    00000060     driverlib.lib : interrupt.obj (.text:IntDisable)
                  000022b4    00000060                   : interrupt.obj (.text:IntEnable)
                  00002314    00000060     usblib.lib : usbdenum.obj (.text:USBDReadAndDispatchRequest)
                  00002374    0000005e     driverlib.lib : usb.obj (.text:USBDevEndpointStatusClear)
                  000023d2    0000005e     rtsv7M4_T_le_v4SPD16_eabi.lib : copy_decompress_rle.obj (.text)
                  00002430    0000005c     usblib.lib : usbdhid.obj (.text:FindHIDDescriptor)
                  0000248c    0000005c                : usbdenum.obj (.text:USBDStringIndexFromRequest)
                  000024e8    00000058                : usbdhid.obj (.text:ProcessDataFromHost)
                  00002540    00000054                : usbdhid.obj (.text:ProcessDataToHost)
                  00002594    00000054                : usbdma.obj (.text:uDMAUSBChannelRelease)
                  000025e8    00000050     driverlib.lib : sysctl.obj (.text:SysCtlPeripheralReset)
                  00002638    00000050     usblib.lib : usbdcdesc.obj (.text:USBDCDConfigDescGet)
                  00002688    00000050                : usbdenum.obj (.text:USBDeviceResumeTickHandler)
                  000026d8    0000004c                : usbdcdesc.obj (.text:ConfigAlternateInterfaceGet)
                  00002724    0000004c     usb_dev_mame.obj (.text:CustomHidHandler)
                  00002770    0000004c     usblib.lib : usbdconfig.obj (.text:GetEPDescriptorType)
                  000027bc    0000004c     driverlib.lib : usb.obj (.text:USBDevEndpointStallClear)
                  00002808    0000004c                   : usb.obj (.text:USBEndpointDMAConfigSet)
                  00002854    0000004a     usblib.lib : usbdhid.obj (.text:USBDHIDReportWrite)
                  0000289e    0000004a                : usbdma.obj (.text:uDMAUSBChannelDisable)
                  000028e8    00000048     driverlib.lib : gpio.obj (.text:GPIOPinConfigure)
                  00002930    00000048     rtsv7M4_T_le_v4SPD16_eabi.lib : boot.obj (.text)
                  00002978    00000048     driverlib.lib : udma.obj (.text:uDMAChannelAttributeDisable)
                  000029c0    00000044     usblib.lib : usbdenum.obj (.text:USBDeviceEnumResetHandler)
                  00002a04    00000044     driverlib.lib : usb.obj (.text:USBEndpointDataGet)
                  00002a48    00000044     rtsv7M4_T_le_v4SPD16_eabi.lib : cpy_tbl.obj (.text)
                  00002a8c    00000042     usblib.lib : usbdhid.obj (.text:SetIdleTimeout)
                  00002ace    00000002     startup_ccs.obj (.text:NmiSR)
                  00002ad0    00000040     usblib.lib : usbdenum.obj (.text:USBDGetInterface)
                  00002b10    00000040     rtsv7M4_T_le_v4SPD16_eabi.lib : exit.obj (.text)
                  00002b50    0000003e     usblib.lib : usbdhid.obj (.text:ScheduleReportTransmission)
                  00002b8e    0000003a                : usbdcdesc.obj (.text:USBDCDConfigGetInterfaceEndpoint)
                  00002bc8    0000003a     driverlib.lib : usb.obj (.text:USBFIFOConfigSet)
                  00002c02    00000002     usblib.lib : usbdma.obj (.text:uDMAUSBChannelIntDisable)
                  00002c04    00000038                : usbdenum.obj (.text:USBDCDRemoteWakeupRequest)
                  00002c3c    00000038     driverlib.lib : usb.obj (.text:USBIntStatusControl)
                  00002c74    00000036     usblib.lib : usbdhid.obj (.text:HandleEndpoints)
                  00002caa    00000002                : usbdma.obj (.text:uDMAUSBChannelIntEnable)
                  00002cac    00000034                : usbdhid.obj (.text:HIDTickHandler)
                  00002ce0    00000034                : usbtick.obj (.text:InternalUSBStartOfFrameTick)
                  00002d14    00000034     driverlib.lib : sysctl.obj (.text:SysCtlPeripheralEnable)
                  00002d48    00000034     usblib.lib : usbdhidmame.obj (.text:USBDHIDCustomHidInit)
                  00002d7c    00000032                : usbdhid.obj (.text:ClearReportTimer)
                  00002dae    00000032                : usbdcdesc.obj (.text:NextConfigDescGet)
                  00002de0    00000032     driverlib.lib : usb.obj (.text:USBDevEndpointStall)
                  00002e12    00000030     usblib.lib : usbdma.obj (.text:DMAUSBIntHandler)
                  00002e42    00000030                : usbdhid.obj (.text:HandleConfigChange)
                  00002e72    00000030                : usbdhid.obj (.text:HandleDevice)
                  00002ea2    00000002     --HOLE-- [fill = 0]
                  00002ea4    00000030                : usbtick.obj (.text:InternalUSBTickInit)
                  00002ed4    00000030                : usbdenum.obj (.text:USBDGetConfiguration)
                  00002f04    00000030     driverlib.lib : usb.obj (.text:USBEndpointDataPut)
                  00002f34    0000002e                   : usb.obj (.text:USBEndpointDataSend)
                  00002f62    0000002c     usblib.lib : usbdesc.obj (.text:USBDescGet)
                  00002f8e    0000002c                : usbdma.obj (.text:uDMAUSBIntStatus)
                  00002fba    0000002a     driverlib.lib : gpio.obj (.text:GPIODirModeSet)
                  00002fe4    0000002a     usblib.lib : usbdcdesc.obj (.text:USBDCDConfigDescGetNum)
                  0000300e    00000002     --HOLE-- [fill = 0]
                  00003010    00000028                : usbtick.obj (.text:InternalUSBRegisterTickHandler)
                  00003038    00000028     usb_dev_mame.obj (.text:SendHIDReport)
                  00003060    00000028     usblib.lib : usbdesc.obj (.text:USBDescGetNum)
                  00003088    00000028     driverlib.lib : usb.obj (.text:USBIntEnableControl)
                  000030b0    00000028                   : udma.obj (.text:uDMAChannelModeGet)
                  000030d8    00000026     usblib.lib : usbdhid.obj (.text:GetIdleTimeout)
                  000030fe    00000026                : usbdhid.obj (.text:HandleEP0DataReceived)
                  00003124    00000026                : usbdhid.obj (.text:USBDHIDInit)
                  0000314a    00000002     --HOLE-- [fill = 0]
                  0000314c    00000024                : usbdenum.obj (.text:USBDCDDeviceInfoInit)
                  00003170    00000024                : usbdenum.obj (.text:USBDSetAddress)
                  00003194    00000024     driverlib.lib : usb.obj (.text:USBDevEndpointDataAck)
                  000031b8    00000024                   : usb.obj (.text:USBEndpointDMADisable)
                  000031dc    00000024                   : usb.obj (.text:USBEndpointDMAEnable)
                  00003200    00000024                   : udma.obj (.text:uDMAChannelControlSet)
                  00003224    00000022     usblib.lib : usbdma.obj (.text:uDMAUSBChannelStatus)
                  00003246    00000020                : usbdconfig.obj (.text:GetEndpointFIFOSize)
                  00003266    00000002     --HOLE-- [fill = 0]
                  00003268    00000020                : usbmode.obj (.text:USBStackModeSet)
                  00003288    0000001e                : usbdhid.obj (.text:HandleDisconnect)
                  000032a6    0000001e                : usbdhid.obj (.text:HandleEP0DataSent)
                  000032c4    0000001c                : usbdhid.obj (.text:ClearIdleTimers)
                  000032e0    0000001c                : usbdhid.obj (.text:SetDeferredOpFlag)
                  000032fc    0000001c                : usbdcdesc.obj (.text:USBDCDConfigGetInterface)
                  00003318    0000001c                : usbdenum.obj (.text:USBDCDStallEP0)
                  00003334    0000001c     driverlib.lib : usb.obj (.text:USBEndpointDataAvail)
                  00003350    0000001a     usblib.lib : usbdhidmame.obj (.text:HIDCustomHidTxHandler)
                  0000336a    0000001a     uartstdio.obj (.text:IsBufferFull)
                  00003384    0000001a     driverlib.lib : usb.obj (.text:USBEndpointDMAChannel)
                  0000339e    00000002     --HOLE-- [fill = 0]
                  000033a0    00000018     usblib.lib : usbdhandler.obj (.text:USB0DeviceIntHandler)
                  000033b8    00000018                : usbdcdesc.obj (.text:USBDCDConfigDescGetSize)
                  000033d0    00000018                : usbdenum.obj (.text:USBDSetDescriptor)
                  000033e8    00000018                : usbdenum.obj (.text:USBDSyncFrame)
                  00003400    00000018     rtsv7M4_T_le_v4SPD16_eabi.lib : args_main.obj (.text)
                  00003418    00000018     driverlib.lib : udma.obj (.text:uDMAChannelDisable)
                  00003430    00000018                   : udma.obj (.text:uDMAChannelEnable)
                  00003448    00000014     usblib.lib : usbdenum.obj (.text:USBDCDRequestDataEP0)
                  0000345c    00000014     driverlib.lib : usb.obj (.text:USBHostResume)
                  00003470    00000014                   : usb.obj (.text:USBIntEnableEndpoint)
                  00003484    00000014                   : usb.obj (.text:_USBIndexWrite)
                  00003498    00000014     rtsv7M4_T_le_v4SPD16_eabi.lib : _lock.obj (.text)
                  000034ac    00000012     driverlib.lib : gpio.obj (.text:GPIOPinTypeGPIOInput)
                  000034be    00000012                   : gpio.obj (.text:GPIOPinTypeGPIOOutput)
                  000034d0    00000012                   : gpio.obj (.text:GPIOPinTypeQEI)
                  000034e2    00000012                   : gpio.obj (.text:GPIOPinTypeUSBAnalog)
                  000034f4    00000012     usblib.lib : usbdhid.obj (.text:HandleResume)
                  00003506    00000012                : usbdhid.obj (.text:HandleSuspend)
                  00003518    00000012     rtsv7M4_T_le_v4SPD16_eabi.lib : copy_zero_init.obj (.text:decompress:ZI)
                  0000352a    00000002     --HOLE-- [fill = 0]
                  0000352c    00000010     driverlib.lib : sysctl.obj (.text:SysCtlUSBPLLEnable)
                  0000353c    00000010     usblib.lib : usbdenum.obj (.text:USBDCDSendDataEP0)
                  0000354c    00000010     driverlib.lib : usb.obj (.text:USBEndpointStatus)
                  0000355c    0000000e     usblib.lib : usbdma.obj (.text:DMAUSBIntStatusClear)
                  0000356a    0000000e     uartstdio.obj (.text:IsBufferEmpty)
                  00003578    0000000e     driverlib.lib : qei.obj (.text:QEIConfigure)
                  00003586    0000000e     usblib.lib : usbdhidmame.obj (.text:USBDHIDCustomHidRemoteWakeupRequest)
                  00003594    0000000e                : usbdhid.obj (.text:USBDHIDTxPacketAvailable)
                  000035a2    0000000e     rtsv7M4_T_le_v4SPD16_eabi.lib : copy_decompress_none.obj (.text:decompress:none)
                  000035b0    0000000c     driverlib.lib : cpu.obj (.text:CPUcpsie)
                  000035bc    0000000c                   : usb.obj (.text:USBEndpointPacketCountSet)
                  000035c8    0000000a                   : interrupt.obj (.text:IntMasterEnable)
                  000035d2    0000000a                   : qei.obj (.text:QEIDisable)
                  000035dc    0000000a                   : qei.obj (.text:QEIEnable)
                  000035e6    0000000a                   : qei.obj (.text:QEIIntDisable)
                  000035f0    0000000a                   : usb.obj (.text:USBDevConnect)
                  000035fa    0000000a                   : usb.obj (.text:USBDevDisconnect)
                  00003604    0000000a                   : usb.obj (.text:USBIntStatusEndpoint)
                  0000360e    00000008                   : usb.obj (.text:USBDevMode)
                  00003616    00000008                   : usb.obj (.text:USBFIFOAddrGet)
                  0000361e    00000008                   : usb.obj (.text:USBOTGMode)
                  00003626    00000006                   : gpio.obj (.text:GPIOPinRead)
                  0000362c    00000006     startup_ccs.obj (.text:ResetISR)
                  00003632    00000006     usblib.lib : usbdhid.obj (.text:USBDHIDRemoteWakeupRequest)
                  00003638    00000006     rtsv7M4_T_le_v4SPD16_eabi.lib : copy_decompress_rle.obj (.text:decompress:rle24)
                  0000363e    00000004     usblib.lib : usbdma.obj (.text:DMAUSBStatus)
                  00003642    00000004                : usbdhid.obj (.text:HandleReset)
                  00003646    00000004     driverlib.lib : qei.obj (.text:QEIPositionGet)
                  0000364a    00000004                   : qei.obj (.text:QEIPositionSet)
                  0000364e    00000004                   : usb.obj (.text:USBDevAddrSet)

.const     0    00003654    0000030f     
                  00003654    0000009e     usblib.lib : usbdhidmame.obj (.const:.string:g_pui8CustomHidReportDescriptor)
                  000036f2    00000002     --HOLE-- [fill = 0]
                  000036f4    00000078     driverlib.lib : gpio.obj (.const:g_pui32GPIOBaseAddrs)
                  0000376c    00000070                   : interrupt.obj (.const)
                  000037dc    00000048     usb_mame_structs.obj (.const:.string)
                  00003824    00000034     usblib.lib : usbdenum.obj (.const:g_psUSBDStdRequests)
                  00003858    00000030                : usbdhid.obj (.const:g_sHIDHandlers)
                  00003888    0000002e     usb_mame_structs.obj (.const:.string:g_pui8ConfigString)
                  000038b6    00000002     --HOLE-- [fill = 0]
                  000038b8    0000002c     usblib.lib : usbdhidmame.obj (.const)
                  000038e4    00000028     uartstdio.obj (.const)
                  0000390c    00000024     usb_mame_structs.obj (.const:.string:g_pui8ManufacturerString)
                  00003930    00000018     usb_mame_structs.obj (.const)
                  00003948    00000012     uartstdio.obj (.const:.string)
                  0000395a    00000002     --HOLE-- [fill = 0]
                  0000395c    00000007     usblib.lib : usbdhidmame.obj (.const:.string)

.cinit     0    00003968    000000a8     
                  00003968    00000082     (.cinit..data.load) [load image, compression = rle]
                  000039ea    00000002     --HOLE-- [fill = 0]
                  000039ec    0000000c     (__TI_handler_table)
                  000039f8    00000008     (.cinit..bss.load) [load image, compression = zero_init]
                  00003a00    00000010     (__TI_cinit_table)

.bss       0    20000000    00000678     UNINITIALIZED
                  20000000    00000400     uartstdio.obj (.bss:g_pcUARTTxBuffer)
                  20000400    00000110     usblib.lib : usbdma.obj (.bss:g_psUSBDMAInst)
                  20000510    00000080     uartstdio.obj (.bss:g_pcUARTRxBuffer)
                  20000590    00000048     usblib.lib : usbdenum.obj (.bss:g_psDCDInst)
                  200005d8    00000040                : usbdenum.obj (.bss:g_pui8DataBufferIn)
                  20000618    00000030                : usbtick.obj (.bss)
                  20000648    00000017     usb_dev_mame.obj (.bss)
                  2000065f    00000001     --HOLE--
                  20000660    0000000c     usblib.lib : usbmode.obj (.bss)
                  2000066c    00000008     uartstdio.obj (.bss)
                  20000674    00000004     usblib.lib : usbdenum.obj (.bss)

.stack     0    20000678    00000200     UNINITIALIZED
                  20000678    00000200     --HOLE--

.data      0    20000878    00000127     
                  20000878    00000094     usb_mame_structs.obj (.data:g_sCustomHidDevice)
                  2000090c    00000034     usblib.lib : usbdhidmame.obj (.data)
                  20000940    00000015     uartstdio.obj (.data)
                  20000955    00000003     --HOLE--
                  20000958    00000012     usblib.lib : usbdhid.obj (.data)
                  2000096a    00000002     --HOLE--
                  2000096c    0000000c                : usbtick.obj (.data)
                  20000978    00000009                : usbmode.obj (.data)
                  20000981    00000003     --HOLE--
                  20000984    00000008     rtsv7M4_T_le_v4SPD16_eabi.lib : _lock.obj (.data)
                  2000098c    00000008                                   : exit.obj (.data)
                  20000994    00000004                                   : stkdepth_vars.obj (.data)
                  20000998    00000004     usblib.lib : usbdenum.obj (.data)
                  2000099c    00000003     usb_dev_mame.obj (.data)


LINKER GENERATED COPY TABLES

__TI_cinit_table @ 00003a00 records: 2, size/record: 8, table size: 16
	.data: load addr=00003968, load size=00000082 bytes, run addr=20000878, run size=00000127 bytes, compression=rle
	.bss: load addr=000039f8, load size=00000008 bytes, run addr=20000000, run size=00000678 bytes, compression=zero_init


LINKER GENERATED HANDLER TABLE

__TI_handler_table @ 000039ec records: 3, size/record: 4, table size: 12
	index: 0, handler: __TI_decompress_rle24
	index: 1, handler: __TI_decompress_none
	index: 2, handler: __TI_zero_init


GLOBAL SYMBOLS: SORTED ALPHABETICALLY BY Name 

address    name
--------   ----
00002b11   C$$EXIT
000035b1   CPUcpsie
0000060d   CustomHidChangeHandler
00002725   CustomHidHandler
00002fbb   GPIODirModeSet
0000165b   GPIOPadConfigSet
000028e9   GPIOPinConfigure
00003627   GPIOPinRead
000034ad   GPIOPinTypeGPIOInput
000034bf   GPIOPinTypeGPIOOutput
000034d1   GPIOPinTypeQEI
000034e3   GPIOPinTypeUSBAnalog
00002255   IntDisable
000022b5   IntEnable
00002065   IntIsEnabled
000035c9   IntMasterEnable
00003011   InternalUSBRegisterTickHandler
00002ce1   InternalUSBStartOfFrameTick
00002ea5   InternalUSBTickInit
0000026d   PortFunctionInit
00003579   QEIConfigure
000035d3   QEIDisable
000035dd   QEIEnable
000035e7   QEIIntDisable
00003647   QEIPositionGet
0000364b   QEIPositionSet
0000362d   ResetISR
UNDEFED    SHT$$INIT_ARRAY$$Base
UNDEFED    SHT$$INIT_ARRAY$$Limit
00003039   SendHIDReport
00002d15   SysCtlPeripheralEnable
000025e9   SysCtlPeripheralReset
0000352d   SysCtlUSBPLLEnable
000017b9   SysTickIntHandler
00000ab9   UARTStdioIntHandler
00001715   UARTwrite
000033a1   USB0DeviceIntHandler
00002639   USBDCDConfigDescGet
00002fe5   USBDCDConfigDescGetNum
000033b9   USBDCDConfigDescGetSize
000032fd   USBDCDConfigGetInterface
00002b8f   USBDCDConfigGetInterfaceEndpoint
0000314d   USBDCDDeviceInfoInit
00001269   USBDCDInit
00002c05   USBDCDRemoteWakeupRequest
00003449   USBDCDRequestDataEP0
0000353d   USBDCDSendDataEP0
00003319   USBDCDStallEP0
00000fcd   USBDHIDCompositeInit
00001c55   USBDHIDCustomHidCompositeInit
00002d49   USBDHIDCustomHidInit
00003587   USBDHIDCustomHidRemoteWakeupRequest
000020c9   USBDHIDCustomHidStateChange
00003125   USBDHIDInit
00003633   USBDHIDRemoteWakeupRequest
00002855   USBDHIDReportWrite
00003595   USBDHIDTxPacketAvailable
00002f63   USBDescGet
00003061   USBDescGetNum
0000364f   USBDevAddrSet
000035f1   USBDevConnect
000035fb   USBDevDisconnect
00001dcd   USBDevEndpointConfigSet
00003195   USBDevEndpointDataAck
00002de1   USBDevEndpointStall
000027bd   USBDevEndpointStallClear
00002375   USBDevEndpointStatusClear
0000360f   USBDevMode
00000d7d   USBDeviceConfig
00001bc9   USBDeviceConfigAlternate
000010ad   USBDeviceEnumHandler
000029c1   USBDeviceEnumResetHandler
00001341   USBDeviceIntHandlerInternal
00002689   USBDeviceResumeTickHandler
00003385   USBEndpointDMAChannel
00002809   USBEndpointDMAConfigSet
000031b9   USBEndpointDMADisable
000031dd   USBEndpointDMAEnable
00003335   USBEndpointDataAvail
00002a05   USBEndpointDataGet
00002f05   USBEndpointDataPut
00002f35   USBEndpointDataSend
000035bd   USBEndpointPacketCountSet
0000354d   USBEndpointStatus
00003617   USBFIFOAddrGet
00002bc9   USBFIFOConfigSet
0000345d   USBHostResume
00003089   USBIntEnableControl
00003471   USBIntEnableEndpoint
00002c3d   USBIntStatusControl
00003605   USBIntStatusEndpoint
00001419   USBLibDMAInit
0000361f   USBOTGMode
00003269   USBStackModeSet
20000878   __STACK_END
00000200   __STACK_SIZE
20000a78   __STACK_TOP
00003a00   __TI_CINIT_Base
00003a10   __TI_CINIT_Limit
000039ec   __TI_Handler_Table_Base
000039f8   __TI_Handler_Table_Limit
00000001   __TI_args_main
00001a1d   __TI_auto_init
000035a3   __TI_decompress_none
00003639   __TI_decompress_rle24
00000000   __TI_static_base__
00003519   __TI_zero_init
00001855   __aeabi_memcpy
00001855   __aeabi_memcpy4
00001855   __aeabi_memcpy8
ffffffff   __binit__
ffffffff   __c_args__
20000678   __stack
00003401   _args_main
00002931   _c_int00
2000098c   _cleanup_ptr
20000990   _dtors_ptr
20000984   _lock
000034a7   _nop
0000349f   _register_lock
00003499   _register_unlock
20000988   _unlock
00002b15   abort
ffffffff   binit
00002a49   copy_in
00002b1d   exit
2000099c   g_bConnected
2000065e   g_bProgramMode
2000099d   g_bSuspended
2000096c   g_bUSBTimerInitialized
2000099e   g_eCustomHidState
20000664   g_eOTGModeState
20000978   g_iUSBMode
20000618   g_pfnTickHandlers
00000000   g_pfnVectors
20000674   g_ppsDevInfo
000038dc   g_ppsHIDConfigDescriptors
00003930   g_ppui8StringDescriptors
20000590   g_psDCDInst
20000928   g_psHIDSections
00003888   g_pui8ConfigString
2000090c   g_pui8CustomHidDescriptor
20000958   g_pui8HIDDeviceDescriptor
0000395c   g_pui8HIDInEndpoint
20000915   g_pui8HIDInterface
00003812   g_pui8HIDInterfaceString
000037dc   g_pui8LangDescriptor
0000390c   g_pui8ManufacturerString
000037e0   g_pui8ProductString
00003800   g_pui8SeriailNumberString
20000630   g_pvTickInstance
20000878   g_sCustomHidDevice
20000938   g_sHIDConfigHeader
000038c4   g_sHIDConfigSection
20000920   g_sHIDDescriptorSection
00003858   g_sHIDHandlers
000038d4   g_sHIDInEndpointSection
000038cc   g_sHIDInterfaceSection
20000970   g_ui32CurrentUSBTick
20000660   g_ui32PollRate
20000648   g_ui32SysTickCount
20000974   g_ui32USBSOFCount
2000097c   g_ui32WaitTicks
20000654   g_ui8Mouse
2000065d   g_ui8MouseResetTick
2000065a   g_ui8MouseTick
2000064c   g_ui8Pad1
2000065b   g_ui8Pad1ResetTick
20000658   g_ui8Pad1Tick
20000650   g_ui8Pad2
2000065c   g_ui8Pad2ResetTick
20000659   g_ui8Pad2Tick
000008f5   main
20000994   main_func_sp
00001855   memcpy
00002979   uDMAChannelAttributeDisable
00003201   uDMAChannelControlSet
00003419   uDMAChannelDisable
00003431   uDMAChannelEnable
000030b1   uDMAChannelModeGet
00001cd5   uDMAChannelTransferSet


GLOBAL SYMBOLS: SORTED BY Symbol Address 

address    name
--------   ----
00000000   __TI_static_base__
00000000   g_pfnVectors
00000001   __TI_args_main
00000200   __STACK_SIZE
0000026d   PortFunctionInit
0000060d   CustomHidChangeHandler
000008f5   main
00000ab9   UARTStdioIntHandler
00000d7d   USBDeviceConfig
00000fcd   USBDHIDCompositeInit
000010ad   USBDeviceEnumHandler
00001269   USBDCDInit
00001341   USBDeviceIntHandlerInternal
00001419   USBLibDMAInit
0000165b   GPIOPadConfigSet
00001715   UARTwrite
000017b9   SysTickIntHandler
00001855   __aeabi_memcpy
00001855   __aeabi_memcpy4
00001855   __aeabi_memcpy8
00001855   memcpy
00001a1d   __TI_auto_init
00001bc9   USBDeviceConfigAlternate
00001c55   USBDHIDCustomHidCompositeInit
00001cd5   uDMAChannelTransferSet
00001dcd   USBDevEndpointConfigSet
00002065   IntIsEnabled
000020c9   USBDHIDCustomHidStateChange
00002255   IntDisable
000022b5   IntEnable
00002375   USBDevEndpointStatusClear
000025e9   SysCtlPeripheralReset
00002639   USBDCDConfigDescGet
00002689   USBDeviceResumeTickHandler
00002725   CustomHidHandler
000027bd   USBDevEndpointStallClear
00002809   USBEndpointDMAConfigSet
00002855   USBDHIDReportWrite
000028e9   GPIOPinConfigure
00002931   _c_int00
00002979   uDMAChannelAttributeDisable
000029c1   USBDeviceEnumResetHandler
00002a05   USBEndpointDataGet
00002a49   copy_in
00002b11   C$$EXIT
00002b15   abort
00002b1d   exit
00002b8f   USBDCDConfigGetInterfaceEndpoint
00002bc9   USBFIFOConfigSet
00002c05   USBDCDRemoteWakeupRequest
00002c3d   USBIntStatusControl
00002ce1   InternalUSBStartOfFrameTick
00002d15   SysCtlPeripheralEnable
00002d49   USBDHIDCustomHidInit
00002de1   USBDevEndpointStall
00002ea5   InternalUSBTickInit
00002f05   USBEndpointDataPut
00002f35   USBEndpointDataSend
00002f63   USBDescGet
00002fbb   GPIODirModeSet
00002fe5   USBDCDConfigDescGetNum
00003011   InternalUSBRegisterTickHandler
00003039   SendHIDReport
00003061   USBDescGetNum
00003089   USBIntEnableControl
000030b1   uDMAChannelModeGet
00003125   USBDHIDInit
0000314d   USBDCDDeviceInfoInit
00003195   USBDevEndpointDataAck
000031b9   USBEndpointDMADisable
000031dd   USBEndpointDMAEnable
00003201   uDMAChannelControlSet
00003269   USBStackModeSet
000032fd   USBDCDConfigGetInterface
00003319   USBDCDStallEP0
00003335   USBEndpointDataAvail
00003385   USBEndpointDMAChannel
000033a1   USB0DeviceIntHandler
000033b9   USBDCDConfigDescGetSize
00003401   _args_main
00003419   uDMAChannelDisable
00003431   uDMAChannelEnable
00003449   USBDCDRequestDataEP0
0000345d   USBHostResume
00003471   USBIntEnableEndpoint
00003499   _register_unlock
0000349f   _register_lock
000034a7   _nop
000034ad   GPIOPinTypeGPIOInput
000034bf   GPIOPinTypeGPIOOutput
000034d1   GPIOPinTypeQEI
000034e3   GPIOPinTypeUSBAnalog
00003519   __TI_zero_init
0000352d   SysCtlUSBPLLEnable
0000353d   USBDCDSendDataEP0
0000354d   USBEndpointStatus
00003579   QEIConfigure
00003587   USBDHIDCustomHidRemoteWakeupRequest
00003595   USBDHIDTxPacketAvailable
000035a3   __TI_decompress_none
000035b1   CPUcpsie
000035bd   USBEndpointPacketCountSet
000035c9   IntMasterEnable
000035d3   QEIDisable
000035dd   QEIEnable
000035e7   QEIIntDisable
000035f1   USBDevConnect
000035fb   USBDevDisconnect
00003605   USBIntStatusEndpoint
0000360f   USBDevMode
00003617   USBFIFOAddrGet
0000361f   USBOTGMode
00003627   GPIOPinRead
0000362d   ResetISR
00003633   USBDHIDRemoteWakeupRequest
00003639   __TI_decompress_rle24
00003647   QEIPositionGet
0000364b   QEIPositionSet
0000364f   USBDevAddrSet
000037dc   g_pui8LangDescriptor
000037e0   g_pui8ProductString
00003800   g_pui8SeriailNumberString
00003812   g_pui8HIDInterfaceString
00003858   g_sHIDHandlers
00003888   g_pui8ConfigString
000038c4   g_sHIDConfigSection
000038cc   g_sHIDInterfaceSection
000038d4   g_sHIDInEndpointSection
000038dc   g_ppsHIDConfigDescriptors
0000390c   g_pui8ManufacturerString
00003930   g_ppui8StringDescriptors
0000395c   g_pui8HIDInEndpoint
000039ec   __TI_Handler_Table_Base
000039f8   __TI_Handler_Table_Limit
00003a00   __TI_CINIT_Base
00003a10   __TI_CINIT_Limit
20000590   g_psDCDInst
20000618   g_pfnTickHandlers
20000630   g_pvTickInstance
20000648   g_ui32SysTickCount
2000064c   g_ui8Pad1
20000650   g_ui8Pad2
20000654   g_ui8Mouse
20000658   g_ui8Pad1Tick
20000659   g_ui8Pad2Tick
2000065a   g_ui8MouseTick
2000065b   g_ui8Pad1ResetTick
2000065c   g_ui8Pad2ResetTick
2000065d   g_ui8MouseResetTick
2000065e   g_bProgramMode
20000660   g_ui32PollRate
20000664   g_eOTGModeState
20000674   g_ppsDevInfo
20000678   __stack
20000878   __STACK_END
20000878   g_sCustomHidDevice
2000090c   g_pui8CustomHidDescriptor
20000915   g_pui8HIDInterface
20000920   g_sHIDDescriptorSection
20000928   g_psHIDSections
20000938   g_sHIDConfigHeader
20000958   g_pui8HIDDeviceDescriptor
2000096c   g_bUSBTimerInitialized
20000970   g_ui32CurrentUSBTick
20000974   g_ui32USBSOFCount
20000978   g_iUSBMode
2000097c   g_ui32WaitTicks
20000984   _lock
20000988   _unlock
2000098c   _cleanup_ptr
20000990   _dtors_ptr
20000994   main_func_sp
2000099c   g_bConnected
2000099d   g_bSuspended
2000099e   g_eCustomHidState
20000a78   __STACK_TOP
ffffffff   __binit__
ffffffff   __c_args__
ffffffff   binit
UNDEFED    SHT$$INIT_ARRAY$$Base
UNDEFED    SHT$$INIT_ARRAY$$Limit

[181 symbols]
